
[7m[1m[36m RUN [39m[22m[27m [36mv1.6.1[39m [90mC:/Users/trann/Downloads/NohBoard vjp/keyflow[39m

node.exe : (node:40332) 
[MODULE_TYPELESS_PACKAGE_JSON] Warning: 
Module type of file:///C:/Users/trann/Downloa
ds/NohBoard%20vjp/keyflow/postcss.config.js 
is not specified and it doesn't parse as 
CommonJS.
At C:\Program Files\nodejs\npx.ps1:29 char:3
+   & $NODE_EXE $NPX_CLI_JS $args
+   ~~~~~~~~~~~~~~~~~~~~~~~~~~~~~
    + CategoryInfo          : NotSpecified:  
   ((node:40332) [M...se as CommonJS.:Strin  
  g) [], RemoteException
    + FullyQualifiedErrorId : NativeCommandE 
   rror
 
Reparsing as ES module because module syntax 
was detected. This incurs a performance 
overhead.
To eliminate this warning, add "type": 
"module" to 
C:\Users\trann\Downloads\NohBoard 
vjp\keyflow\package.json.
(Use `node --trace-warnings ...` to show 
where the warning was created)
[90mstdout[2m | src/renderer/lib/test_user_case.test.ts[2m > [22m[2mTest User Real Data against New Algorithm[22m[39m

========= MATCH RESULTS =========

Event [MouseLeft] (tolerance: 80ms) -> Status: MATCHED | Timing Delta: 0ms | Duration Delta: 77ms
Event [MouseLeft] (tolerance: 80ms) -> Status: MATCHED | Timing Delta: 2ms | Duration Delta: -50ms
Event [MouseRight] (tolerance: 80ms) -> Status: EARLY | Timing Delta: -142ms | Duration Delta: 73ms
Event [MouseLeft] (tolerance: 80ms) -> Status: MATCHED | Timing Delta: -33ms | Duration Delta: 22ms
Event [MouseLeft] (tolerance: 80ms) -> Status: LATE | Timing Delta: 142ms | Duration Delta: -214ms
Event [MouseRight] (tolerance: 80ms) -> Status: MATCHED | Timing Delta: -8ms | Duration Delta: 45ms
Event [MouseLeft] (tolerance: 80ms) -> Status: MATCHED | Timing Delta: 31ms | Duration Delta: -49ms
Event [MouseRight] (tolerance: 80ms) -> Status: MATCHED | Timing Delta: -38ms | Duration Delta: 39ms
Event [MouseLeft] (tolerance: 80ms) -> Status: LATE | Timing Delta: 100ms | Duration Delta: -59ms
Event [MouseRight] (tolerance: 80ms) -> Status: MATCHED | Timing Delta: 47ms | Duration Delta: 34ms
Event [MouseLeft] (tolerance: 80ms) -> Status: EARLY | Timing Delta: -104ms | Duration Delta: 91ms
Event [MouseLeft] (tolerance: 80ms) -> Status: LATE | Timing Delta: 126ms | Duration Delta: -143ms
Event [MouseRight] (tolerance: 80ms) -> Status: MATCHED | Timing Delta: 31ms | Duration Delta: -50ms

========= SCORES =========

{
  "overallScore": 92,
  "timingScore": 90,
  "orderScore": 92,
  "completionScore": 100,
  "durationScore": 76
}

========= ERRORS FOUND =========

[MAJOR] timing_early (MouseRight): Nhß║Ñn MouseRight sß╗¢m h╞ín 142ms -> Sau ph├¡m tr╞░ß╗¢c, chß╗¥ th├¬m 142ms rß╗ôi mß╗¢i nhß║Ñn MouseRight
[MAJOR] timing_late (MouseLeft): Nhß║Ñn MouseLeft trß╗à h╞ín 142ms -> Nhß║Ñn MouseLeft nhanh h╞ín 142ms sau ph├¡m tr╞░ß╗¢c
[MAJOR] duration_too_short (MouseLeft): Giß╗» MouseLeft qu├í ngß║»n (thiß║┐u 214ms) -> Giß╗» MouseLeft l├óu h╞ín 214ms
[MAJOR] timing_early (MouseLeft): Nhß║Ñn MouseLeft sß╗¢m h╞ín 104ms -> Sau ph├¡m tr╞░ß╗¢c, chß╗¥ th├¬m 104ms rß╗ôi mß╗¢i nhß║Ñn MouseLeft
[MAJOR] extra_key (MouseRight): Nhß║Ñn th├¬m ph├¡m MouseRight kh├┤ng c├│ trong pattern -> Bß╗Å ph├¡m MouseRight ra khß╗Åi combo
[MINOR] duration_too_long (MouseLeft): Giß╗» MouseLeft qu├í l├óu (thß╗½a 77ms) -> Nhß║ú MouseLeft sß╗¢m h╞ín 77ms
[MINOR] duration_too_long (MouseRight): Giß╗» MouseRight qu├í l├óu (thß╗½a 73ms) -> Nhß║ú MouseRight sß╗¢m h╞ín 73ms

=================================


 [32mΓ£ô[39m src/renderer/lib/test_user_case.test.ts [2m ([22m[2m1 test[22m[2m)[22m[90m 4[2mms[22m[39m

[2m Test Files [22m [1m[32m1 passed[39m[22m[90m (1)[39m
[2m      Tests [22m [1m[32m1 passed[39m[22m[90m (1)[39m
[2m   Start at [22m 02:38:13
[2m   Duration [22m 540ms[2m (transform 52ms, setup 0ms, collect 57ms, tests 4ms, environment 0ms, prepare 80ms)[22m

